This file contains any messages produced by compilers while
running configure, to aid debugging if configure makes a mistake.

It was created by almond configure 0.9.30, which was
generated by GNU Autoconf 2.69.  Invocation command line was

  $ ./configure --prefix=/opt/almond --disable-kafka

## --------- ##
## Platform. ##
## --------- ##

hostname = ec76a53ec05f
uname -m = x86_64
uname -r = 6.6.119-0-virt
uname -s = Linux
uname -v = #1-Alpine SMP PREEMPT_DYNAMIC 2025-12-10 08:04:08

/usr/bin/uname -p = x86_64
/bin/uname -X     = unknown

/bin/arch              = x86_64
/usr/bin/arch -k       = unknown
/usr/convex/getsysinfo = unknown
/usr/bin/hostinfo      = unknown
/bin/machine           = unknown
/usr/bin/oslevel       = unknown
/bin/universe          = unknown

PATH: /root/.local/bin
PATH: /root/bin
PATH: /usr/local/sbin
PATH: /usr/local/bin
PATH: /usr/sbin
PATH: /usr/bin
PATH: /sbin
PATH: /bin


## ----------- ##
## Core tests. ##
## ----------- ##

configure:2396: checking for a BSD-compatible install
configure:2464: result: /usr/bin/install -c
configure:2475: checking whether build environment is sane
configure:2530: result: yes
configure:2681: checking for a thread-safe mkdir -p
configure:2720: result: /usr/bin/mkdir -p
configure:2727: checking for gawk
configure:2743: found /usr/bin/gawk
configure:2754: result: gawk
configure:2765: checking whether make sets $(MAKE)
configure:2787: result: yes
configure:2816: checking whether make supports nested variables
configure:2833: result: yes
configure:3009: checking for gcc
configure:3025: found /usr/bin/gcc
configure:3036: result: gcc
configure:3265: checking for C compiler version
configure:3274: gcc --version >&5
gcc (GCC) 11.5.0 20240719 (Red Hat 11.5.0-11)
Copyright (C) 2021 Free Software Foundation, Inc.
This is free software; see the source for copying conditions.  There is NO
warranty; not even for MERCHANTABILITY or FITNESS FOR A PARTICULAR PURPOSE.

configure:3285: $? = 0
configure:3274: gcc -v >&5
Using built-in specs.
COLLECT_GCC=/usr/bin/gcc
COLLECT_LTO_WRAPPER=/usr/libexec/gcc/x86_64-redhat-linux/11/lto-wrapper
OFFLOAD_TARGET_NAMES=nvptx-none
OFFLOAD_TARGET_DEFAULT=1
Target: x86_64-redhat-linux
Configured with: ../configure --enable-bootstrap --enable-host-pie --enable-host-bind-now --enable-languages=c,c++,fortran,lto --prefix=/usr --mandir=/usr/share/man --infodir=/usr/share/info --with-bugurl=https://bugs.rockylinux.org/ --enable-shared --enable-threads=posix --enable-checking=release --with-system-zlib --enable-__cxa_atexit --disable-libunwind-exceptions --enable-gnu-unique-object --enable-linker-build-id --with-gcc-major-version-only --enable-plugin --enable-initfini-array --without-isl --enable-multilib --with-linker-hash-style=gnu --enable-offload-targets=nvptx-none --without-cuda-driver --enable-gnu-indirect-function --enable-cet --with-tune=generic --with-arch_64=x86-64-v2 --with-arch_32=x86-64 --build=x86_64-redhat-linux --with-build-config=bootstrap-lto --enable-link-serialization=1
Thread model: posix
Supported LTO compression algorithms: zlib zstd
gcc version 11.5.0 20240719 (Red Hat 11.5.0-11) (GCC) 
... rest of stderr output deleted ...
configure:3285: $? = 0
configure:3274: gcc -V >&5
gcc: error: unrecognized command-line option '-V'
gcc: fatal error: no input files
compilation terminated.
configure:3285: $? = 1
configure:3274: gcc -qversion >&5
gcc: error: unrecognized command-line option '-qversion'; did you mean '--version'?
gcc: fatal error: no input files
compilation terminated.
configure:3285: $? = 1
configure:3305: checking whether the C compiler works
configure:3327: gcc    conftest.c  >&5
configure:3331: $? = 0
configure:3379: result: yes
configure:3382: checking for C compiler default output file name
configure:3384: result: a.out
configure:3390: checking for suffix of executables
configure:3397: gcc -o conftest    conftest.c  >&5
configure:3401: $? = 0
configure:3423: result: 
configure:3445: checking whether we are cross compiling
configure:3453: gcc -o conftest    conftest.c  >&5
configure:3457: $? = 0
configure:3464: ./conftest
configure:3468: $? = 0
configure:3483: result: no
configure:3488: checking for suffix of object files
configure:3510: gcc -c   conftest.c >&5
configure:3514: $? = 0
configure:3535: result: o
configure:3539: checking whether we are using the GNU C compiler
configure:3558: gcc -c   conftest.c >&5
configure:3558: $? = 0
configure:3567: result: yes
configure:3576: checking whether gcc accepts -g
configure:3596: gcc -c -g  conftest.c >&5
configure:3596: $? = 0
configure:3637: result: yes
configure:3654: checking for gcc option to accept ISO C89
configure:3717: gcc  -c -g -O2  conftest.c >&5
configure:3717: $? = 0
configure:3730: result: none needed
configure:3755: checking whether gcc understands -c and -o together
configure:3777: gcc -c conftest.c -o conftest2.o
configure:3780: $? = 0
configure:3777: gcc -c conftest.c -o conftest2.o
configure:3780: $? = 0
configure:3792: result: yes
configure:3812: checking whether make supports the include directive
configure:3827: make -f confmf.GNU && cat confinc.out
this is the am__doit target
configure:3830: $? = 0
configure:3849: result: yes (GNU style)
configure:3874: checking dependency style of gcc
configure:3985: result: gcc3
configure:4011: checking for dirent.h that defines DIR
configure:4030: gcc -c -g -O2  -I/usr/include -I/usr/local/include conftest.c >&5
configure:4030: $? = 0
configure:4038: result: yes
configure:4051: checking for library containing opendir
configure:4082: gcc -o conftest -g -O2  -I/usr/include -I/usr/local/include  -L/usr/lib64 -L/usr/local/lib -L/usr/lib conftest.c  >&5
configure:4082: $? = 0
configure:4099: result: none required
configure:4166: checking for sys/wait.h that is POSIX.1 compatible
configure:4192: gcc -c -g -O2  -I/usr/include -I/usr/local/include conftest.c >&5
configure:4192: $? = 0
configure:4199: result: yes
configure:4212: checking how to run the C preprocessor
configure:4243: gcc -E  -I/usr/include -I/usr/local/include conftest.c
configure:4243: $? = 0
configure:4257: gcc -E  -I/usr/include -I/usr/local/include conftest.c
conftest.c:13:10: fatal error: ac_nonexistent.h: No such file or directory
   13 | #include <ac_nonexistent.h>
      |          ^~~~~~~~~~~~~~~~~~
compilation terminated.
configure:4257: $? = 1
configure: failed program was:
| /* confdefs.h */
| #define PACKAGE_NAME "almond"
| #define PACKAGE_TARNAME "almond"
| #define PACKAGE_VERSION "0.9.30"
| #define PACKAGE_STRING "almond 0.9.30"
| #define PACKAGE_BUGREPORT "andreas.lindell@almondmonitor.com"
| #define PACKAGE_URL ""
| #define PACKAGE "almond"
| #define VERSION "0.9.30"
| #define HAVE_DIRENT_H 1
| #define HAVE_SYS_WAIT_H 1
| /* end confdefs.h.  */
| #include <ac_nonexistent.h>
configure:4282: result: gcc -E
configure:4302: gcc -E  -I/usr/include -I/usr/local/include conftest.c
configure:4302: $? = 0
configure:4316: gcc -E  -I/usr/include -I/usr/local/include conftest.c
conftest.c:13:10: fatal error: ac_nonexistent.h: No such file or directory
   13 | #include <ac_nonexistent.h>
      |          ^~~~~~~~~~~~~~~~~~
compilation terminated.
configure:4316: $? = 1
configure: failed program was:
| /* confdefs.h */
| #define PACKAGE_NAME "almond"
| #define PACKAGE_TARNAME "almond"
| #define PACKAGE_VERSION "0.9.30"
| #define PACKAGE_STRING "almond 0.9.30"
| #define PACKAGE_BUGREPORT "andreas.lindell@almondmonitor.com"
| #define PACKAGE_URL ""
| #define PACKAGE "almond"
| #define VERSION "0.9.30"
| #define HAVE_DIRENT_H 1
| #define HAVE_SYS_WAIT_H 1
| /* end confdefs.h.  */
| #include <ac_nonexistent.h>
configure:4345: checking for grep that handles long lines and -e
configure:4403: result: /usr/bin/grep
configure:4408: checking for egrep
configure:4470: result: /usr/bin/grep -E
configure:4475: checking for ANSI C header files
configure:4495: gcc -c -g -O2  -I/usr/include -I/usr/local/include conftest.c >&5
configure:4495: $? = 0
configure:4568: gcc -o conftest -g -O2  -I/usr/include -I/usr/local/include  -L/usr/lib64 -L/usr/local/lib -L/usr/lib conftest.c  >&5
configure:4568: $? = 0
configure:4568: ./conftest
configure:4568: $? = 0
configure:4579: result: yes
configure:4592: checking for sys/types.h
configure:4592: gcc -c -g -O2  -I/usr/include -I/usr/local/include conftest.c >&5
configure:4592: $? = 0
configure:4592: result: yes
configure:4592: checking for sys/stat.h
configure:4592: gcc -c -g -O2  -I/usr/include -I/usr/local/include conftest.c >&5
configure:4592: $? = 0
configure:4592: result: yes
configure:4592: checking for stdlib.h
configure:4592: gcc -c -g -O2  -I/usr/include -I/usr/local/include conftest.c >&5
configure:4592: $? = 0
configure:4592: result: yes
configure:4592: checking for string.h
configure:4592: gcc -c -g -O2  -I/usr/include -I/usr/local/include conftest.c >&5
configure:4592: $? = 0
configure:4592: result: yes
configure:4592: checking for memory.h
configure:4592: gcc -c -g -O2  -I/usr/include -I/usr/local/include conftest.c >&5
configure:4592: $? = 0
configure:4592: result: yes
configure:4592: checking for strings.h
configure:4592: gcc -c -g -O2  -I/usr/include -I/usr/local/include conftest.c >&5
configure:4592: $? = 0
configure:4592: result: yes
configure:4592: checking for inttypes.h
configure:4592: gcc -c -g -O2  -I/usr/include -I/usr/local/include conftest.c >&5
configure:4592: $? = 0
configure:4592: result: yes
configure:4592: checking for stdint.h
configure:4592: gcc -c -g -O2  -I/usr/include -I/usr/local/include conftest.c >&5
configure:4592: $? = 0
configure:4592: result: yes
configure:4592: checking for unistd.h
configure:4592: gcc -c -g -O2  -I/usr/include -I/usr/local/include conftest.c >&5
configure:4592: $? = 0
configure:4592: result: yes
configure:4607: checking arpa/inet.h usability
configure:4607: gcc -c -g -O2  -I/usr/include -I/usr/local/include conftest.c >&5
configure:4607: $? = 0
configure:4607: result: yes
configure:4607: checking arpa/inet.h presence
configure:4607: gcc -E  -I/usr/include -I/usr/local/include conftest.c
configure:4607: $? = 0
configure:4607: result: yes
configure:4607: checking for arpa/inet.h
configure:4607: result: yes
configure:4607: checking sys/socket.h usability
configure:4607: gcc -c -g -O2  -I/usr/include -I/usr/local/include conftest.c >&5
configure:4607: $? = 0
configure:4607: result: yes
configure:4607: checking sys/socket.h presence
configure:4607: gcc -E  -I/usr/include -I/usr/local/include conftest.c
configure:4607: $? = 0
configure:4607: result: yes
configure:4607: checking for sys/socket.h
configure:4607: result: yes
configure:4607: checking for sys/types.h
configure:4607: result: yes
configure:4607: checking for sys/stat.h
configure:4607: result: yes
configure:4607: checking math.h usability
configure:4607: gcc -c -g -O2  -I/usr/include -I/usr/local/include conftest.c >&5
configure:4607: $? = 0
configure:4607: result: yes
configure:4607: checking math.h presence
configure:4607: gcc -E  -I/usr/include -I/usr/local/include conftest.c
configure:4607: $? = 0
configure:4607: result: yes
configure:4607: checking for math.h
configure:4607: result: yes
configure:4607: checking signal.h usability
configure:4607: gcc -c -g -O2  -I/usr/include -I/usr/local/include conftest.c >&5
configure:4607: $? = 0
configure:4607: result: yes
configure:4607: checking signal.h presence
configure:4607: gcc -E  -I/usr/include -I/usr/local/include conftest.c
configure:4607: $? = 0
configure:4607: result: yes
configure:4607: checking for signal.h
configure:4607: result: yes
configure:4607: checking pthread.h usability
configure:4607: gcc -c -g -O2  -I/usr/include -I/usr/local/include conftest.c >&5
configure:4607: $? = 0
configure:4607: result: yes
configure:4607: checking pthread.h presence
configure:4607: gcc -E  -I/usr/include -I/usr/local/include conftest.c
configure:4607: $? = 0
configure:4607: result: yes
configure:4607: checking for pthread.h
configure:4607: result: yes
configure:4607: checking time.h usability
configure:4607: gcc -c -g -O2  -I/usr/include -I/usr/local/include conftest.c >&5
configure:4607: $? = 0
configure:4607: result: yes
configure:4607: checking time.h presence
configure:4607: gcc -E  -I/usr/include -I/usr/local/include conftest.c
configure:4607: $? = 0
configure:4607: result: yes
configure:4607: checking for time.h
configure:4607: result: yes
configure:4607: checking netdb.h usability
configure:4607: gcc -c -g -O2  -I/usr/include -I/usr/local/include conftest.c >&5
configure:4607: $? = 0
configure:4607: result: yes
configure:4607: checking netdb.h presence
configure:4607: gcc -E  -I/usr/include -I/usr/local/include conftest.c
configure:4607: $? = 0
configure:4607: result: yes
configure:4607: checking for netdb.h
configure:4607: result: yes
configure:4607: checking for unistd.h
configure:4607: result: yes
configure:4607: checking ctype.h usability
configure:4607: gcc -c -g -O2  -I/usr/include -I/usr/local/include conftest.c >&5
configure:4607: $? = 0
configure:4607: result: yes
configure:4607: checking ctype.h presence
configure:4607: gcc -E  -I/usr/include -I/usr/local/include conftest.c
configure:4607: $? = 0
configure:4607: result: yes
configure:4607: checking for ctype.h
configure:4607: result: yes
configure:4607: checking for string.h
configure:4607: result: yes
configure:4607: checking errno.h usability
configure:4607: gcc -c -g -O2  -I/usr/include -I/usr/local/include conftest.c >&5
configure:4607: $? = 0
configure:4607: result: yes
configure:4607: checking errno.h presence
configure:4607: gcc -E  -I/usr/include -I/usr/local/include conftest.c
configure:4607: $? = 0
configure:4607: result: yes
configure:4607: checking for errno.h
configure:4607: result: yes
configure:4607: checking dirent.h usability
configure:4607: gcc -c -g -O2  -I/usr/include -I/usr/local/include conftest.c >&5
configure:4607: $? = 0
configure:4607: result: yes
configure:4607: checking dirent.h presence
configure:4607: gcc -E  -I/usr/include -I/usr/local/include conftest.c
configure:4607: $? = 0
configure:4607: result: yes
configure:4607: checking for dirent.h
configure:4607: result: yes
configure:4607: checking for stdlib.h
configure:4607: result: yes
configure:4607: checking stdio.h usability
configure:4607: gcc -c -g -O2  -I/usr/include -I/usr/local/include conftest.c >&5
configure:4607: $? = 0
configure:4607: result: yes
configure:4607: checking stdio.h presence
configure:4607: gcc -E  -I/usr/include -I/usr/local/include conftest.c
configure:4607: $? = 0
configure:4607: result: yes
configure:4607: checking for stdio.h
configure:4607: result: yes
configure:4607: checking jwt.h usability
configure:4607: gcc -c -g -O2  -I/usr/include -I/usr/local/include conftest.c >&5
configure:4607: $? = 0
configure:4607: result: yes
configure:4607: checking jwt.h presence
configure:4607: gcc -E  -I/usr/include -I/usr/local/include conftest.c
configure:4607: $? = 0
configure:4607: result: yes
configure:4607: checking for jwt.h
configure:4607: result: yes
configure:4607: checking curl/curl.h usability
configure:4607: gcc -c -g -O2  -I/usr/include -I/usr/local/include conftest.c >&5
configure:4607: $? = 0
configure:4607: result: yes
configure:4607: checking curl/curl.h presence
configure:4607: gcc -E  -I/usr/include -I/usr/local/include conftest.c
configure:4607: $? = 0
configure:4607: result: yes
configure:4607: checking for curl/curl.h
configure:4607: result: yes
configure:4607: checking json-c/json.h usability
configure:4607: gcc -c -g -O2  -I/usr/include -I/usr/local/include conftest.c >&5
configure:4607: $? = 0
configure:4607: result: yes
configure:4607: checking json-c/json.h presence
configure:4607: gcc -E  -I/usr/include -I/usr/local/include conftest.c
configure:4607: $? = 0
configure:4607: result: yes
configure:4607: checking for json-c/json.h
configure:4607: result: yes
configure:4607: checking openssl/ssl.h usability
configure:4607: gcc -c -g -O2  -I/usr/include -I/usr/local/include conftest.c >&5
configure:4607: $? = 0
configure:4607: result: yes
configure:4607: checking openssl/ssl.h presence
configure:4607: gcc -E  -I/usr/include -I/usr/local/include conftest.c
configure:4607: $? = 0
configure:4607: result: yes
configure:4607: checking for openssl/ssl.h
configure:4607: result: yes
configure:4607: checking openssl/x509.h usability
configure:4607: gcc -c -g -O2  -I/usr/include -I/usr/local/include conftest.c >&5
configure:4607: $? = 0
configure:4607: result: yes
configure:4607: checking openssl/x509.h presence
configure:4607: gcc -E  -I/usr/include -I/usr/local/include conftest.c
configure:4607: $? = 0
configure:4607: result: yes
configure:4607: checking for openssl/x509.h
configure:4607: result: yes
configure:4619: checking for jwt_new in -ljwt
configure:4644: gcc -o conftest -g -O2  -I/usr/include -I/usr/local/include  -L/usr/lib64 -L/usr/local/lib -L/usr/lib conftest.c -ljwt   >&5
configure:4644: $? = 0
configure:4653: result: yes
configure:4667: checking for stdbool.h that conforms to C99
configure:4734: gcc -c -g -O2  -I/usr/include -I/usr/local/include conftest.c >&5
configure:4734: $? = 0
configure:4741: result: yes
configure:4743: checking for _Bool
configure:4743: gcc -c -g -O2  -I/usr/include -I/usr/local/include conftest.c >&5
configure:4743: $? = 0
configure:4743: gcc -c -g -O2  -I/usr/include -I/usr/local/include conftest.c >&5
conftest.c: In function 'main':
conftest.c:80:20: error: expected expression before ')' token
   80 | if (sizeof ((_Bool)))
      |                    ^
configure:4743: $? = 1
configure: failed program was:
| /* confdefs.h */
| #define PACKAGE_NAME "almond"
| #define PACKAGE_TARNAME "almond"
| #define PACKAGE_VERSION "0.9.30"
| #define PACKAGE_STRING "almond 0.9.30"
| #define PACKAGE_BUGREPORT "andreas.lindell@almondmonitor.com"
| #define PACKAGE_URL ""
| #define PACKAGE "almond"
| #define VERSION "0.9.30"
| #define HAVE_DIRENT_H 1
| #define HAVE_SYS_WAIT_H 1
| #define STDC_HEADERS 1
| #define HAVE_SYS_TYPES_H 1
| #define HAVE_SYS_STAT_H 1
| #define HAVE_STDLIB_H 1
| #define HAVE_STRING_H 1
| #define HAVE_MEMORY_H 1
| #define HAVE_STRINGS_H 1
| #define HAVE_INTTYPES_H 1
| #define HAVE_STDINT_H 1
| #define HAVE_UNISTD_H 1
| #define HAVE_ARPA_INET_H 1
| #define HAVE_SYS_SOCKET_H 1
| #define HAVE_SYS_TYPES_H 1
| #define HAVE_SYS_STAT_H 1
| #define HAVE_MATH_H 1
| #define HAVE_SIGNAL_H 1
| #define HAVE_PTHREAD_H 1
| #define HAVE_TIME_H 1
| #define HAVE_NETDB_H 1
| #define HAVE_UNISTD_H 1
| #define HAVE_CTYPE_H 1
| #define HAVE_STRING_H 1
| #define HAVE_ERRNO_H 1
| #define HAVE_DIRENT_H 1
| #define HAVE_STDLIB_H 1
| #define HAVE_STDIO_H 1
| #define HAVE_JWT_H 1
| #define HAVE_CURL_CURL_H 1
| #define HAVE_JSON_C_JSON_H 1
| #define HAVE_OPENSSL_SSL_H 1
| #define HAVE_OPENSSL_X509_H 1
| /* end confdefs.h.  */
| #include <stdio.h>
| #ifdef HAVE_SYS_TYPES_H
| # include <sys/types.h>
| #endif
| #ifdef HAVE_SYS_STAT_H
| # include <sys/stat.h>
| #endif
| #ifdef STDC_HEADERS
| # include <stdlib.h>
| # include <stddef.h>
| #else
| # ifdef HAVE_STDLIB_H
| #  include <stdlib.h>
| # endif
| #endif
| #ifdef HAVE_STRING_H
| # if !defined STDC_HEADERS && defined HAVE_MEMORY_H
| #  include <memory.h>
| # endif
| # include <string.h>
| #endif
| #ifdef HAVE_STRINGS_H
| # include <strings.h>
| #endif
| #ifdef HAVE_INTTYPES_H
| # include <inttypes.h>
| #endif
| #ifdef HAVE_STDINT_H
| # include <stdint.h>
| #endif
| #ifdef HAVE_UNISTD_H
| # include <unistd.h>
| #endif
| int
| main ()
| {
| if (sizeof ((_Bool)))
| 	    return 0;
|   ;
|   return 0;
| }
configure:4743: result: yes
configure:4760: checking for an ANSI C-conforming const
configure:4826: gcc -c -g -O2  -I/usr/include -I/usr/local/include conftest.c >&5
configure:4826: $? = 0
configure:4833: result: yes
configure:4841: checking for inline
configure:4857: gcc -c -g -O2  -I/usr/include -I/usr/local/include conftest.c >&5
configure:4857: $? = 0
configure:4865: result: inline
configure:4883: checking for int32_t
configure:4883: gcc -c -g -O2  -I/usr/include -I/usr/local/include conftest.c >&5
configure:4883: $? = 0
configure:4883: gcc -c -g -O2  -I/usr/include -I/usr/local/include conftest.c >&5
conftest.c: In function 'main':
conftest.c:84:67: warning: integer overflow in expression of type 'int' results in '-2147483648' [-Woverflow]
   84 |                  < (int32_t) (((((int32_t) 1 << N) << N) - 1) * 2 + 2))];
      |                                                                   ^
conftest.c:83:12: error: storage size of 'test_array' isn't constant
   83 | static int test_array [1 - 2 * !((int32_t) (((((int32_t) 1 << N) << N) - 1) * 2 + 1)
      |            ^~~~~~~~~~
configure:4883: $? = 1
configure: failed program was:
| /* confdefs.h */
| #define PACKAGE_NAME "almond"
| #define PACKAGE_TARNAME "almond"
| #define PACKAGE_VERSION "0.9.30"
| #define PACKAGE_STRING "almond 0.9.30"
| #define PACKAGE_BUGREPORT "andreas.lindell@almondmonitor.com"
| #define PACKAGE_URL ""
| #define PACKAGE "almond"
| #define VERSION "0.9.30"
| #define HAVE_DIRENT_H 1
| #define HAVE_SYS_WAIT_H 1
| #define STDC_HEADERS 1
| #define HAVE_SYS_TYPES_H 1
| #define HAVE_SYS_STAT_H 1
| #define HAVE_STDLIB_H 1
| #define HAVE_STRING_H 1
| #define HAVE_MEMORY_H 1
| #define HAVE_STRINGS_H 1
| #define HAVE_INTTYPES_H 1
| #define HAVE_STDINT_H 1
| #define HAVE_UNISTD_H 1
| #define HAVE_ARPA_INET_H 1
| #define HAVE_SYS_SOCKET_H 1
| #define HAVE_SYS_TYPES_H 1
| #define HAVE_SYS_STAT_H 1
| #define HAVE_MATH_H 1
| #define HAVE_SIGNAL_H 1
| #define HAVE_PTHREAD_H 1
| #define HAVE_TIME_H 1
| #define HAVE_NETDB_H 1
| #define HAVE_UNISTD_H 1
| #define HAVE_CTYPE_H 1
| #define HAVE_STRING_H 1
| #define HAVE_ERRNO_H 1
| #define HAVE_DIRENT_H 1
| #define HAVE_STDLIB_H 1
| #define HAVE_STDIO_H 1
| #define HAVE_JWT_H 1
| #define HAVE_CURL_CURL_H 1
| #define HAVE_JSON_C_JSON_H 1
| #define HAVE_OPENSSL_SSL_H 1
| #define HAVE_OPENSSL_X509_H 1
| #define HAVE__BOOL 1
| #define HAVE_STDBOOL_H 1
| /* end confdefs.h.  */
| #include <stdio.h>
| #ifdef HAVE_SYS_TYPES_H
| # include <sys/types.h>
| #endif
| #ifdef HAVE_SYS_STAT_H
| # include <sys/stat.h>
| #endif
| #ifdef STDC_HEADERS
| # include <stdlib.h>
| # include <stddef.h>
| #else
| # ifdef HAVE_STDLIB_H
| #  include <stdlib.h>
| # endif
| #endif
| #ifdef HAVE_STRING_H
| # if !defined STDC_HEADERS && defined HAVE_MEMORY_H
| #  include <memory.h>
| # endif
| # include <string.h>
| #endif
| #ifdef HAVE_STRINGS_H
| # include <strings.h>
| #endif
| #ifdef HAVE_INTTYPES_H
| # include <inttypes.h>
| #endif
| #ifdef HAVE_STDINT_H
| # include <stdint.h>
| #endif
| #ifdef HAVE_UNISTD_H
| # include <unistd.h>
| #endif
| 	        enum { N = 32 / 2 - 1 };
| int
| main ()
| {
| static int test_array [1 - 2 * !((int32_t) (((((int32_t) 1 << N) << N) - 1) * 2 + 1)
| 		 < (int32_t) (((((int32_t) 1 << N) << N) - 1) * 2 + 2))];
| test_array [0] = 0;
| return test_array [0];
| 
|   ;
|   return 0;
| }
configure:4883: result: yes
configure:4894: checking for int64_t
configure:4894: gcc -c -g -O2  -I/usr/include -I/usr/local/include conftest.c >&5
configure:4894: $? = 0
configure:4894: gcc -c -g -O2  -I/usr/include -I/usr/local/include conftest.c >&5
conftest.c: In function 'main':
conftest.c:84:67: warning: integer overflow in expression of type 'long int' results in '-9223372036854775808' [-Woverflow]
   84 |                  < (int64_t) (((((int64_t) 1 << N) << N) - 1) * 2 + 2))];
      |                                                                   ^
conftest.c:83:12: error: storage size of 'test_array' isn't constant
   83 | static int test_array [1 - 2 * !((int64_t) (((((int64_t) 1 << N) << N) - 1) * 2 + 1)
      |            ^~~~~~~~~~
configure:4894: $? = 1
configure: failed program was:
| /* confdefs.h */
| #define PACKAGE_NAME "almond"
| #define PACKAGE_TARNAME "almond"
| #define PACKAGE_VERSION "0.9.30"
| #define PACKAGE_STRING "almond 0.9.30"
| #define PACKAGE_BUGREPORT "andreas.lindell@almondmonitor.com"
| #define PACKAGE_URL ""
| #define PACKAGE "almond"
| #define VERSION "0.9.30"
| #define HAVE_DIRENT_H 1
| #define HAVE_SYS_WAIT_H 1
| #define STDC_HEADERS 1
| #define HAVE_SYS_TYPES_H 1
| #define HAVE_SYS_STAT_H 1
| #define HAVE_STDLIB_H 1
| #define HAVE_STRING_H 1
| #define HAVE_MEMORY_H 1
| #define HAVE_STRINGS_H 1
| #define HAVE_INTTYPES_H 1
| #define HAVE_STDINT_H 1
| #define HAVE_UNISTD_H 1
| #define HAVE_ARPA_INET_H 1
| #define HAVE_SYS_SOCKET_H 1
| #define HAVE_SYS_TYPES_H 1
| #define HAVE_SYS_STAT_H 1
| #define HAVE_MATH_H 1
| #define HAVE_SIGNAL_H 1
| #define HAVE_PTHREAD_H 1
| #define HAVE_TIME_H 1
| #define HAVE_NETDB_H 1
| #define HAVE_UNISTD_H 1
| #define HAVE_CTYPE_H 1
| #define HAVE_STRING_H 1
| #define HAVE_ERRNO_H 1
| #define HAVE_DIRENT_H 1
| #define HAVE_STDLIB_H 1
| #define HAVE_STDIO_H 1
| #define HAVE_JWT_H 1
| #define HAVE_CURL_CURL_H 1
| #define HAVE_JSON_C_JSON_H 1
| #define HAVE_OPENSSL_SSL_H 1
| #define HAVE_OPENSSL_X509_H 1
| #define HAVE__BOOL 1
| #define HAVE_STDBOOL_H 1
| /* end confdefs.h.  */
| #include <stdio.h>
| #ifdef HAVE_SYS_TYPES_H
| # include <sys/types.h>
| #endif
| #ifdef HAVE_SYS_STAT_H
| # include <sys/stat.h>
| #endif
| #ifdef STDC_HEADERS
| # include <stdlib.h>
| # include <stddef.h>
| #else
| # ifdef HAVE_STDLIB_H
| #  include <stdlib.h>
| # endif
| #endif
| #ifdef HAVE_STRING_H
| # if !defined STDC_HEADERS && defined HAVE_MEMORY_H
| #  include <memory.h>
| # endif
| # include <string.h>
| #endif
| #ifdef HAVE_STRINGS_H
| # include <strings.h>
| #endif
| #ifdef HAVE_INTTYPES_H
| # include <inttypes.h>
| #endif
| #ifdef HAVE_STDINT_H
| # include <stdint.h>
| #endif
| #ifdef HAVE_UNISTD_H
| # include <unistd.h>
| #endif
| 	        enum { N = 64 / 2 - 1 };
| int
| main ()
| {
| static int test_array [1 - 2 * !((int64_t) (((((int64_t) 1 << N) << N) - 1) * 2 + 1)
| 		 < (int64_t) (((((int64_t) 1 << N) << N) - 1) * 2 + 2))];
| test_array [0] = 0;
| return test_array [0];
| 
|   ;
|   return 0;
| }
configure:4894: result: yes
configure:4905: checking for size_t
configure:4905: gcc -c -g -O2  -I/usr/include -I/usr/local/include conftest.c >&5
configure:4905: $? = 0
configure:4905: gcc -c -g -O2  -I/usr/include -I/usr/local/include conftest.c >&5
conftest.c: In function 'main':
conftest.c:82:21: error: expected expression before ')' token
   82 | if (sizeof ((size_t)))
      |                     ^
configure:4905: $? = 1
configure: failed program was:
| /* confdefs.h */
| #define PACKAGE_NAME "almond"
| #define PACKAGE_TARNAME "almond"
| #define PACKAGE_VERSION "0.9.30"
| #define PACKAGE_STRING "almond 0.9.30"
| #define PACKAGE_BUGREPORT "andreas.lindell@almondmonitor.com"
| #define PACKAGE_URL ""
| #define PACKAGE "almond"
| #define VERSION "0.9.30"
| #define HAVE_DIRENT_H 1
| #define HAVE_SYS_WAIT_H 1
| #define STDC_HEADERS 1
| #define HAVE_SYS_TYPES_H 1
| #define HAVE_SYS_STAT_H 1
| #define HAVE_STDLIB_H 1
| #define HAVE_STRING_H 1
| #define HAVE_MEMORY_H 1
| #define HAVE_STRINGS_H 1
| #define HAVE_INTTYPES_H 1
| #define HAVE_STDINT_H 1
| #define HAVE_UNISTD_H 1
| #define HAVE_ARPA_INET_H 1
| #define HAVE_SYS_SOCKET_H 1
| #define HAVE_SYS_TYPES_H 1
| #define HAVE_SYS_STAT_H 1
| #define HAVE_MATH_H 1
| #define HAVE_SIGNAL_H 1
| #define HAVE_PTHREAD_H 1
| #define HAVE_TIME_H 1
| #define HAVE_NETDB_H 1
| #define HAVE_UNISTD_H 1
| #define HAVE_CTYPE_H 1
| #define HAVE_STRING_H 1
| #define HAVE_ERRNO_H 1
| #define HAVE_DIRENT_H 1
| #define HAVE_STDLIB_H 1
| #define HAVE_STDIO_H 1
| #define HAVE_JWT_H 1
| #define HAVE_CURL_CURL_H 1
| #define HAVE_JSON_C_JSON_H 1
| #define HAVE_OPENSSL_SSL_H 1
| #define HAVE_OPENSSL_X509_H 1
| #define HAVE__BOOL 1
| #define HAVE_STDBOOL_H 1
| /* end confdefs.h.  */
| #include <stdio.h>
| #ifdef HAVE_SYS_TYPES_H
| # include <sys/types.h>
| #endif
| #ifdef HAVE_SYS_STAT_H
| # include <sys/stat.h>
| #endif
| #ifdef STDC_HEADERS
| # include <stdlib.h>
| # include <stddef.h>
| #else
| # ifdef HAVE_STDLIB_H
| #  include <stdlib.h>
| # endif
| #endif
| #ifdef HAVE_STRING_H
| # if !defined STDC_HEADERS && defined HAVE_MEMORY_H
| #  include <memory.h>
| # endif
| # include <string.h>
| #endif
| #ifdef HAVE_STRINGS_H
| # include <strings.h>
| #endif
| #ifdef HAVE_INTTYPES_H
| # include <inttypes.h>
| #endif
| #ifdef HAVE_STDINT_H
| # include <stdint.h>
| #endif
| #ifdef HAVE_UNISTD_H
| # include <unistd.h>
| #endif
| int
| main ()
| {
| if (sizeof ((size_t)))
| 	    return 0;
|   ;
|   return 0;
| }
configure:4905: result: yes
configure:4916: checking for ssize_t
configure:4916: gcc -c -g -O2  -I/usr/include -I/usr/local/include conftest.c >&5
configure:4916: $? = 0
configure:4916: gcc -c -g -O2  -I/usr/include -I/usr/local/include conftest.c >&5
conftest.c: In function 'main':
conftest.c:82:22: error: expected expression before ')' token
   82 | if (sizeof ((ssize_t)))
      |                      ^
configure:4916: $? = 1
configure: failed program was:
| /* confdefs.h */
| #define PACKAGE_NAME "almond"
| #define PACKAGE_TARNAME "almond"
| #define PACKAGE_VERSION "0.9.30"
| #define PACKAGE_STRING "almond 0.9.30"
| #define PACKAGE_BUGREPORT "andreas.lindell@almondmonitor.com"
| #define PACKAGE_URL ""
| #define PACKAGE "almond"
| #define VERSION "0.9.30"
| #define HAVE_DIRENT_H 1
| #define HAVE_SYS_WAIT_H 1
| #define STDC_HEADERS 1
| #define HAVE_SYS_TYPES_H 1
| #define HAVE_SYS_STAT_H 1
| #define HAVE_STDLIB_H 1
| #define HAVE_STRING_H 1
| #define HAVE_MEMORY_H 1
| #define HAVE_STRINGS_H 1
| #define HAVE_INTTYPES_H 1
| #define HAVE_STDINT_H 1
| #define HAVE_UNISTD_H 1
| #define HAVE_ARPA_INET_H 1
| #define HAVE_SYS_SOCKET_H 1
| #define HAVE_SYS_TYPES_H 1
| #define HAVE_SYS_STAT_H 1
| #define HAVE_MATH_H 1
| #define HAVE_SIGNAL_H 1
| #define HAVE_PTHREAD_H 1
| #define HAVE_TIME_H 1
| #define HAVE_NETDB_H 1
| #define HAVE_UNISTD_H 1
| #define HAVE_CTYPE_H 1
| #define HAVE_STRING_H 1
| #define HAVE_ERRNO_H 1
| #define HAVE_DIRENT_H 1
| #define HAVE_STDLIB_H 1
| #define HAVE_STDIO_H 1
| #define HAVE_JWT_H 1
| #define HAVE_CURL_CURL_H 1
| #define HAVE_JSON_C_JSON_H 1
| #define HAVE_OPENSSL_SSL_H 1
| #define HAVE_OPENSSL_X509_H 1
| #define HAVE__BOOL 1
| #define HAVE_STDBOOL_H 1
| /* end confdefs.h.  */
| #include <stdio.h>
| #ifdef HAVE_SYS_TYPES_H
| # include <sys/types.h>
| #endif
| #ifdef HAVE_SYS_STAT_H
| # include <sys/stat.h>
| #endif
| #ifdef STDC_HEADERS
| # include <stdlib.h>
| # include <stddef.h>
| #else
| # ifdef HAVE_STDLIB_H
| #  include <stdlib.h>
| # endif
| #endif
| #ifdef HAVE_STRING_H
| # if !defined STDC_HEADERS && defined HAVE_MEMORY_H
| #  include <memory.h>
| # endif
| # include <string.h>
| #endif
| #ifdef HAVE_STRINGS_H
| # include <strings.h>
| #endif
| #ifdef HAVE_INTTYPES_H
| # include <inttypes.h>
| #endif
| #ifdef HAVE_STDINT_H
| # include <stdint.h>
| #endif
| #ifdef HAVE_UNISTD_H
| # include <unistd.h>
| #endif
| int
| main ()
| {
| if (sizeof ((ssize_t)))
| 	    return 0;
|   ;
|   return 0;
| }
configure:4916: result: yes
configure:4927: checking for uint32_t
configure:4927: gcc -c -g -O2  -I/usr/include -I/usr/local/include conftest.c >&5
configure:4927: $? = 0
configure:4927: result: yes
configure:4941: checking for uint64_t
configure:4941: gcc -c -g -O2  -I/usr/include -I/usr/local/include conftest.c >&5
configure:4941: $? = 0
configure:4941: result: yes
configure:4959: checking for stdlib.h
configure:4959: result: yes
configure:4969: checking for GNU libc compatible malloc
configure:4993: gcc -o conftest -g -O2  -I/usr/include -I/usr/local/include  -L/usr/lib64 -L/usr/local/lib -L/usr/lib conftest.c  >&5
configure:4993: $? = 0
configure:4993: ./conftest
configure:4993: $? = 0
configure:5003: result: yes
configure:5026: checking for stdlib.h
configure:5026: result: yes
configure:5036: checking for GNU libc compatible realloc
configure:5060: gcc -o conftest -g -O2  -I/usr/include -I/usr/local/include  -L/usr/lib64 -L/usr/local/lib -L/usr/lib conftest.c  >&5
configure:5060: $? = 0
configure:5060: ./conftest
configure:5060: $? = 0
configure:5070: result: yes
configure:5091: checking whether lstat correctly handles trailing slash
configure:5117: gcc -o conftest -g -O2  -I/usr/include -I/usr/local/include  -L/usr/lib64 -L/usr/local/lib -L/usr/lib conftest.c  >&5
configure:5117: $? = 0
configure:5117: ./conftest
configure:5117: $? = 0
configure:5134: result: yes
configure:5153: checking whether stat accepts an empty string
configure:5173: gcc -o conftest -g -O2  -I/usr/include -I/usr/local/include  -L/usr/lib64 -L/usr/local/lib -L/usr/lib conftest.c  >&5
configure:5173: $? = 0
configure:5173: ./conftest
configure:5173: $? = 0
configure:5183: result: no
configure:5201: checking for memmove
configure:5201: gcc -o conftest -g -O2  -I/usr/include -I/usr/local/include  -L/usr/lib64 -L/usr/local/lib -L/usr/lib conftest.c  >&5
conftest.c:74:6: warning: conflicting types for built-in function 'memmove'; expected 'void *(void *, const void *, long unsigned int)' [-Wbuiltin-declaration-mismatch]
   74 | char memmove ();
      |      ^~~~~~~
conftest.c:62:1: note: 'memmove' is declared in header '<string.h>'
   61 | # include <limits.h>
   62 | #else
configure:5201: $? = 0
configure:5201: result: yes
configure:5212: checking for strdup
configure:5212: gcc -o conftest -g -O2  -I/usr/include -I/usr/local/include  -L/usr/lib64 -L/usr/local/lib -L/usr/lib conftest.c  >&5
conftest.c:75:6: warning: conflicting types for built-in function 'strdup'; expected 'char *(const char *)' [-Wbuiltin-declaration-mismatch]
   75 | char strdup ();
      |      ^~~~~~
configure:5212: $? = 0
configure:5212: result: yes
configure:5348: Kafka support DISABLED
configure:5451: Avro support DISABLED
configure:5558: checking that generated files are newer than configure
configure:5564: result: done
configure:5603: creating ./config.status

## ---------------------- ##
## Running config.status. ##
## ---------------------- ##

This file was extended by almond config.status 0.9.30, which was
generated by GNU Autoconf 2.69.  Invocation command line was

  CONFIG_FILES    = 
  CONFIG_HEADERS  = 
  CONFIG_LINKS    = 
  CONFIG_COMMANDS = 
  $ ./config.status 

on ec76a53ec05f

config.status:895: creating Makefile
config.status:895: creating config.h
config.status:1124: executing depfiles commands
config.status:1201: cd .       && sed -e '/# am--include-marker/d' Makefile         | make -f - am--depfiles
make: Nothing to be done for 'am--depfiles'.
config.status:1206: $? = 0

## ---------------- ##
## Cache variables. ##
## ---------------- ##

ac_cv_c_compiler_gnu=yes
ac_cv_c_const=yes
ac_cv_c_inline=inline
ac_cv_c_int32_t=yes
ac_cv_c_int64_t=yes
ac_cv_c_uint32_t=yes
ac_cv_c_uint64_t=yes
ac_cv_env_CC_set=
ac_cv_env_CC_value=
ac_cv_env_CFLAGS_set=
ac_cv_env_CFLAGS_value=
ac_cv_env_CPPFLAGS_set=
ac_cv_env_CPPFLAGS_value=
ac_cv_env_CPP_set=
ac_cv_env_CPP_value=
ac_cv_env_LDFLAGS_set=
ac_cv_env_LDFLAGS_value=
ac_cv_env_LIBS_set=
ac_cv_env_LIBS_value=
ac_cv_env_build_alias_set=
ac_cv_env_build_alias_value=
ac_cv_env_host_alias_set=
ac_cv_env_host_alias_value=
ac_cv_env_target_alias_set=
ac_cv_env_target_alias_value=
ac_cv_func_lstat_dereferences_slashed_symlink=yes
ac_cv_func_malloc_0_nonnull=yes
ac_cv_func_memmove=yes
ac_cv_func_realloc_0_nonnull=yes
ac_cv_func_stat_empty_string_bug=no
ac_cv_func_strdup=yes
ac_cv_header_arpa_inet_h=yes
ac_cv_header_ctype_h=yes
ac_cv_header_curl_curl_h=yes
ac_cv_header_dirent_dirent_h=yes
ac_cv_header_dirent_h=yes
ac_cv_header_errno_h=yes
ac_cv_header_inttypes_h=yes
ac_cv_header_json_c_json_h=yes
ac_cv_header_jwt_h=yes
ac_cv_header_math_h=yes
ac_cv_header_memory_h=yes
ac_cv_header_netdb_h=yes
ac_cv_header_openssl_ssl_h=yes
ac_cv_header_openssl_x509_h=yes
ac_cv_header_pthread_h=yes
ac_cv_header_signal_h=yes
ac_cv_header_stdbool_h=yes
ac_cv_header_stdc=yes
ac_cv_header_stdint_h=yes
ac_cv_header_stdio_h=yes
ac_cv_header_stdlib_h=yes
ac_cv_header_string_h=yes
ac_cv_header_strings_h=yes
ac_cv_header_sys_socket_h=yes
ac_cv_header_sys_stat_h=yes
ac_cv_header_sys_types_h=yes
ac_cv_header_sys_wait_h=yes
ac_cv_header_time_h=yes
ac_cv_header_unistd_h=yes
ac_cv_lib_jwt_jwt_new=yes
ac_cv_objext=o
ac_cv_path_EGREP='/usr/bin/grep -E'
ac_cv_path_GREP=/usr/bin/grep
ac_cv_path_install='/usr/bin/install -c'
ac_cv_path_mkdir=/usr/bin/mkdir
ac_cv_prog_AWK=gawk
ac_cv_prog_CPP='gcc -E'
ac_cv_prog_ac_ct_CC=gcc
ac_cv_prog_cc_c89=
ac_cv_prog_cc_g=yes
ac_cv_prog_make_make_set=yes
ac_cv_search_opendir='none required'
ac_cv_type__Bool=yes
ac_cv_type_size_t=yes
ac_cv_type_ssize_t=yes
am_cv_CC_dependencies_compiler_type=gcc3
am_cv_make_support_nested_variables=yes
am_cv_prog_cc_c_o=yes

## ----------------- ##
## Output variables. ##
## ----------------- ##

ACLOCAL='${SHELL} /workspace/almond-0.9.30/missing aclocal-1.16'
AMDEPBACKSLASH='\'
AMDEP_FALSE='#'
AMDEP_TRUE=''
AMTAR='$${TAR-tar}'
AM_BACKSLASH='\'
AM_DEFAULT_V='$(AM_DEFAULT_VERBOSITY)'
AM_DEFAULT_VERBOSITY='1'
AM_V='$(V)'
AUTOCONF='${SHELL} /workspace/almond-0.9.30/missing autoconf'
AUTOHEADER='${SHELL} /workspace/almond-0.9.30/missing autoheader'
AUTOMAKE='${SHELL} /workspace/almond-0.9.30/missing automake-1.16'
AWK='gawk'
CC='gcc'
CCDEPMODE='depmode=gcc3'
CFLAGS='-g -O2'
CPP='gcc -E'
CPPFLAGS=' -I/usr/include -I/usr/local/include'
CYGPATH_W='echo'
DEFS='-DHAVE_CONFIG_H'
DEPDIR='.deps'
ECHO_C=''
ECHO_N='-n'
ECHO_T=''
EGREP='/usr/bin/grep -E'
EXEEXT=''
GREP='/usr/bin/grep'
INSTALL_DATA='${INSTALL} -m 644'
INSTALL_PROGRAM='${INSTALL}'
INSTALL_SCRIPT='${INSTALL}'
INSTALL_STRIP_PROGRAM='$(install_sh) -c -s'
JWT_LIBS='-ljwt'
LDFLAGS=' -L/usr/lib64 -L/usr/local/lib -L/usr/lib'
LIBOBJS=''
LIBS=''
LTLIBOBJS=''
MAKEINFO='${SHELL} /workspace/almond-0.9.30/missing makeinfo'
MKDIR_P='/usr/bin/mkdir -p'
OBJEXT='o'
PACKAGE='almond'
PACKAGE_BUGREPORT='andreas.lindell@almondmonitor.com'
PACKAGE_NAME='almond'
PACKAGE_STRING='almond 0.9.30'
PACKAGE_TARNAME='almond'
PACKAGE_URL=''
PACKAGE_VERSION='0.9.30'
PATH_SEPARATOR=':'
SET_MAKE=''
SHELL='/bin/sh'
STRIP=''
USE_AVRO_FALSE=''
USE_AVRO_TRUE='#'
USE_KAFKA_FALSE=''
USE_KAFKA_ONLY_FALSE=''
USE_KAFKA_ONLY_TRUE='#'
USE_KAFKA_TRUE='#'
USE_MINIMAL_FALSE='#'
USE_MINIMAL_TRUE=''
VERSION='0.9.30'
ac_ct_CC='gcc'
am__EXEEXT_FALSE=''
am__EXEEXT_TRUE='#'
am__fastdepCC_FALSE='#'
am__fastdepCC_TRUE=''
am__include='include'
am__isrc=''
am__leading_dot='.'
am__nodep='_no'
am__quote=''
am__tar='$${TAR-tar} chof - "$$tardir"'
am__untar='$${TAR-tar} xf -'
bindir='${exec_prefix}/bin'
build_alias=''
datadir='${datarootdir}'
datarootdir='${prefix}/share'
docdir='${datarootdir}/doc/${PACKAGE_TARNAME}'
dvidir='${docdir}'
exec_prefix='${prefix}'
host_alias=''
htmldir='${docdir}'
includedir='${prefix}/include'
infodir='${datarootdir}/info'
install_sh='${SHELL} /workspace/almond-0.9.30/install-sh'
libdir='${exec_prefix}/lib'
libexecdir='${exec_prefix}/libexec'
localedir='${datarootdir}/locale'
localstatedir='${prefix}/var'
mandir='${datarootdir}/man'
mkdir_p='$(MKDIR_P)'
oldincludedir='/usr/include'
pdfdir='${docdir}'
prefix='/opt/almond'
program_transform_name='s,x,x,'
psdir='${docdir}'
runstatedir='${localstatedir}/run'
sbindir='${exec_prefix}/sbin'
sharedstatedir='${prefix}/com'
sysconfdir='${prefix}/etc'
target_alias=''

## ----------- ##
## confdefs.h. ##
## ----------- ##

/* confdefs.h */
#define PACKAGE_NAME "almond"
#define PACKAGE_TARNAME "almond"
#define PACKAGE_VERSION "0.9.30"
#define PACKAGE_STRING "almond 0.9.30"
#define PACKAGE_BUGREPORT "andreas.lindell@almondmonitor.com"
#define PACKAGE_URL ""
#define PACKAGE "almond"
#define VERSION "0.9.30"
#define HAVE_DIRENT_H 1
#define HAVE_SYS_WAIT_H 1
#define STDC_HEADERS 1
#define HAVE_SYS_TYPES_H 1
#define HAVE_SYS_STAT_H 1
#define HAVE_STDLIB_H 1
#define HAVE_STRING_H 1
#define HAVE_MEMORY_H 1
#define HAVE_STRINGS_H 1
#define HAVE_INTTYPES_H 1
#define HAVE_STDINT_H 1
#define HAVE_UNISTD_H 1
#define HAVE_ARPA_INET_H 1
#define HAVE_SYS_SOCKET_H 1
#define HAVE_SYS_TYPES_H 1
#define HAVE_SYS_STAT_H 1
#define HAVE_MATH_H 1
#define HAVE_SIGNAL_H 1
#define HAVE_PTHREAD_H 1
#define HAVE_TIME_H 1
#define HAVE_NETDB_H 1
#define HAVE_UNISTD_H 1
#define HAVE_CTYPE_H 1
#define HAVE_STRING_H 1
#define HAVE_ERRNO_H 1
#define HAVE_DIRENT_H 1
#define HAVE_STDLIB_H 1
#define HAVE_STDIO_H 1
#define HAVE_JWT_H 1
#define HAVE_CURL_CURL_H 1
#define HAVE_JSON_C_JSON_H 1
#define HAVE_OPENSSL_SSL_H 1
#define HAVE_OPENSSL_X509_H 1
#define HAVE__BOOL 1
#define HAVE_STDBOOL_H 1
#define HAVE_STDLIB_H 1
#define HAVE_MALLOC 1
#define HAVE_STDLIB_H 1
#define HAVE_REALLOC 1
#define LSTAT_FOLLOWS_SLASHED_SYMLINK 1
#define HAVE_MEMMOVE 1
#define HAVE_STRDUP 1
#define USE_MINIMAL 1

configure: exit 0
